// Jest Snapshot v1, https://goo.gl/fbAQLP

exports[`<Profile /> renders correctly 1`] = `
<View
  style={
    Object {
      "alignItems": "center",
      "backgroundColor": "#fff",
    }
  }
>
  <Text
    style={
      Object {
        "fontSize": 25,
      }
    }
  >
    Welcome:
  </Text>
  <Image
    source={
      Object {
        "uri": undefined,
      }
    }
    style={
      Object {
        "borderColor": "rgba(0,0,0,0.2)",
        "borderRadius": 150,
        "borderWidth": 3,
        "height": 150,
        "marginTop": 15,
        "width": 150,
      }
    }
  />
  <View
    accessible={true}
    focusable={true}
    isTVSelectable={true}
    onClick={[Function]}
    onResponderGrant={[Function]}
    onResponderMove={[Function]}
    onResponderRelease={[Function]}
    onResponderTerminate={[Function]}
    onResponderTerminationRequest={[Function]}
    onStartShouldSetResponder={[Function]}
    style={
      Object {
        "alignItems": "center",
        "backgroundColor": "#fff",
        "opacity": 1,
      }
    }
  >
    <Text
      style={
        Object {
          "fontSize": 25,
        }
      }
    >
      Submit
    </Text>
  </View>
</View>
`;
