// Jest Snapshot v1, https://goo.gl/fbAQLP

exports[`<Calendar /> renders correctly 1`] = `
<View
  style={
    Object {
      "alignItems": "center",
      "justifyContent": "space-around",
    }
  }
>
  <Text
    style={
      Object {
        "color": "#003045",
        "fontSize": 27,
        "fontWeight": "bold",
      }
    }
  >
    Your Treats This Week
  </Text>
  <RCTScrollView
    data={
      Array [
        Object {
          "data": Array [
            Object {
              "duration": 50,
              "eventName": "Hike",
              "eventTime": 12,
            },
          ],
          "id": 0,
          "title": "Wednesday",
        },
        Object {
          "data": Array [
            Object {
              "duration": 66,
              "eventName": "Spa Day",
              "eventTime": 0,
            },
            Object {
              "duration": 63,
              "eventName": "Yoga",
              "eventTime": 0,
            },
          ],
          "id": 1,
          "title": "Saturday",
        },
      ]
    }
    disableVirtualization={false}
    getItem={[Function]}
    getItemCount={[Function]}
    horizontal={false}
    initialNumToRender={10}
    keyExtractor={[Function]}
    maxToRenderPerBatch={10}
    onContentSizeChange={[Function]}
    onEndReachedThreshold={2}
    onLayout={[Function]}
    onMomentumScrollEnd={[Function]}
    onScroll={[Function]}
    onScrollBeginDrag={[Function]}
    onScrollEndDrag={[Function]}
    renderItem={[Function]}
    renderSectionHeader={[Function]}
    scrollEventThrottle={50}
    sections={
      Array [
        Object {
          "data": Array [
            Object {
              "duration": 50,
              "eventName": "Hike",
              "eventTime": 12,
            },
          ],
          "id": 0,
          "title": "Wednesday",
        },
        Object {
          "data": Array [
            Object {
              "duration": 66,
              "eventName": "Spa Day",
              "eventTime": 0,
            },
            Object {
              "duration": 63,
              "eventName": "Yoga",
              "eventTime": 0,
            },
          ],
          "id": 1,
          "title": "Saturday",
        },
      ]
    }
    stickyHeaderIndices={
      Array [
        0,
        3,
      ]
    }
    stickySectionHeadersEnabled={true}
    updateCellsBatchingPeriod={50}
    windowSize={21}
  >
    <View>
      <View
        onLayout={[Function]}
        style={null}
      >
        <Text
          style={
            Object {
              "fontSize": 25,
              "marginTop": 30,
            }
          }
        >
          Wednesday
        </Text>
      </View>
      <View
        onLayout={[Function]}
        style={null}
      >
        <View
          onPress={[Function]}
          style={
            Array [
              Object {
                "alignItems": "center",
                "backgroundColor": "honeydew",
                "borderWidth": 5,
                "flexDirection": "row",
                "justifyContent": "space-around",
                "margin": 10,
                "padding": 10,
                "width": 300,
              },
            ]
          }
        >
          <Image
            source={1}
            style={
              Object {
                "height": 50,
                "width": 50,
              }
            }
          />
          <Text
            style={
              Object {
                "fontWeight": "bold",
              }
            }
          >
            Hike
          </Text>
          <Text
            style={
              Object {
                "fontWeight": "bold",
              }
            }
          >
            50 Mins
          </Text>
        </View>
      </View>
      <View
        onLayout={[Function]}
        style={null}
      />
      <View
        onLayout={[Function]}
        style={null}
      >
        <Text
          style={
            Object {
              "fontSize": 25,
              "marginTop": 30,
            }
          }
        >
          Saturday
        </Text>
      </View>
      <View
        onLayout={[Function]}
        style={null}
      >
        <View
          onPress={[Function]}
          style={
            Array [
              Object {
                "alignItems": "center",
                "backgroundColor": "honeydew",
                "borderWidth": 5,
                "flexDirection": "row",
                "justifyContent": "space-around",
                "margin": 10,
                "padding": 10,
                "width": 300,
              },
            ]
          }
        >
          <Image
            source={1}
            style={
              Object {
                "height": 50,
                "width": 50,
              }
            }
          />
          <Text
            style={
              Object {
                "fontWeight": "bold",
              }
            }
          >
            Spa Day
          </Text>
          <Text
            style={
              Object {
                "fontWeight": "bold",
              }
            }
          >
            66 Mins
          </Text>
        </View>
      </View>
      <View
        onLayout={[Function]}
        style={null}
      >
        <View
          onPress={[Function]}
          style={
            Array [
              Object {
                "alignItems": "center",
                "backgroundColor": "honeydew",
                "borderWidth": 5,
                "flexDirection": "row",
                "justifyContent": "space-around",
                "margin": 10,
                "padding": 10,
                "width": 300,
              },
            ]
          }
        >
          <Image
            source={1}
            style={
              Object {
                "height": 50,
                "width": 50,
              }
            }
          />
          <Text
            style={
              Object {
                "fontWeight": "bold",
              }
            }
          >
            Yoga
          </Text>
          <Text
            style={
              Object {
                "fontWeight": "bold",
              }
            }
          >
            63 Mins
          </Text>
        </View>
      </View>
      <View
        onLayout={[Function]}
        style={null}
      />
    </View>
  </RCTScrollView>
</View>
`;
