// Jest Snapshot v1, https://goo.gl/fbAQLP

exports[`<TreatSelector /> renders correctly 1`] = `
<View
  accessible={true}
  focusable={true}
  isTVSelectable={true}
  onClick={[Function]}
  onResponderGrant={[Function]}
  onResponderMove={[Function]}
  onResponderRelease={[Function]}
  onResponderTerminate={[Function]}
  onResponderTerminationRequest={[Function]}
  onStartShouldSetResponder={[Function]}
  style={
    Object {
      "alignItems": "center",
      "backgroundColor": "#e6f7ff",
      "borderColor": "#003045",
      "borderWidth": 3,
      "flexDirection": "row",
      "justifyContent": "space-around",
      "opacity": 1,
      "padding": 10,
    }
  }
>
  <Image
    style={
      Object {
        "height": 50,
        "width": 50,
      }
    }
  />
  <Text
    style={
      Object {
        "fontWeight": "bold",
      }
    }
  >
    testTreat
  </Text>
</View>
`;
